
> react-typescript-starter@0.1.0 test
> react-scripts test --coverage

Browserslist: caniuse-lite is outdated. Please run:
  npx browserslist@latest --update-db
  Why you should do it regularly: https://github.com/browserslist/browserslist#browsers-data-updating
PASS src/App.test.tsx
  ✓ renders the course name somewhere (29 ms)

------------------|---------|----------|---------|---------|-------------------
File              | % Stmts | % Branch | % Funcs | % Lines | Uncovered Line #s 
------------------|---------|----------|---------|---------|-------------------
All files         |     1.2 |        0 |    3.33 |    1.21 |                   
 src              |    1.26 |        0 |    3.33 |    1.28 |                   
  App.tsx         |     100 |      100 |     100 |     100 |                   
  Board.tsx       |       0 |        0 |       0 |       0 | 16-109            
  BoardSquare.tsx |       0 |        0 |       0 |       0 | 15-31             
  Overlay.tsx     |       0 |      100 |       0 |       0 | 7-8               
  Pic.tsx         |       0 |        0 |       0 |       0 | 9-25              
  Plate.tsx       |       0 |        0 |       0 |       0 | 16-70             
  Square.tsx      |       0 |      100 |       0 |       0 | 7-8               
  constants.ts    |       0 |      100 |     100 |       0 | 1                 
  game.ts         |       0 |        0 |       0 |       0 | 4-41              
 src/Interfaces   |       0 |        0 |       0 |       0 |                   
  food.ts         |       0 |        0 |       0 |       0 |                   
 src/data         |       0 |      100 |     100 |       0 |                   
  foodList.ts     |       0 |      100 |     100 |       0 | 23-152            
------------------|---------|----------|---------|---------|-------------------
Test Suites: 1 passed, 1 total
Tests:       1 passed, 1 total
Snapshots:   0 total
Time:        1.907 s
Ran all test suites.
